// Jest Snapshot v1, https://goo.gl/fbAQLP

exports[`test suite for Dashboard component renders 1`] = `
<DocumentFragment>
  <h1>
    Dashboard
  </h1>
</DocumentFragment>
`;
