// Jest Snapshot v1, https://goo.gl/fbAQLP

exports[`renders 1`] = `
<DocumentFragment>
  <form>
    <label>
      Buscar
    </label>
    <input
      type="text"
    />
  </form>
</DocumentFragment>
`;
