// Jest Snapshot v1, https://goo.gl/fbAQLP

exports[`test suite for Register component renders 1`] = `[Function]`;
