// Jest Snapshot v1, https://goo.gl/fbAQLP

exports[`test suite for Notice Page renders 1`] = `
<DocumentFragment>
  <h1>
    Avisos
  </h1>
</DocumentFragment>
`;
