// Jest Snapshot v1, https://goo.gl/fbAQLP

exports[`test suite for Login Component renders 1`] = `
<DocumentFragment>
  <h1>
    Login
  </h1>
  <form>
    <label
      for="email"
    >
      Usuario
    </label>
    <input
      id="email"
      name="email"
      required=""
      type="text"
    />
    <hr />
    <label
      for="password"
    >
      Contraseña
    </label>
    <input
      id="password"
      name="password"
      required=""
      type="password"
    />
    <br />
    <br />
    <input
      type="submit"
      value="Inicia sesión"
    />
  </form>
</DocumentFragment>
`;
